c7e00000 T _start
c7e00020 t _undefined_instruction
c7e00024 t _software_interrupt
c7e00028 t _prefetch_abort
c7e0002c t _data_abort
c7e00030 t _not_used
c7e00034 t _irq
c7e00038 t _fiq
c7e0003c t _pad
c7e00040 T _end_vect
c7e00040 t _TEXT_BASE
c7e00044 t _TEXT_PHY_BASE
c7e00048 T _armboot_start
c7e0004c T _bss_start
c7e00050 T _bss_end
c7e00054 t reset
c7e00064 t cpu_init_crit
c7e000b8 t after_copy
c7e000b8 t enable_mmu
c7e000d8 t mmu_on
c7e000f4 t skip_hw_init
c7e000f4 t stack_setup
c7e000f8 t clear_bss
c7e00104 t clbss_l
c7e00118 t _start_armboot
c7e0011c t _mmu_table_base
c7e00120 T copy_from_nand
c7e0016c t copy_failed
c7e00174 t compare_failed
c7e0017c T theLastJump
c7e00198 t phy_last_jump
c7e001c0 t undefined_instruction
c7e00220 t software_interrupt
c7e00280 t prefetch_abort
c7e002e0 t data_abort
c7e00340 t not_used
c7e003a0 t irq
c7e00400 t fiq
c7e00460 T arm1136_cache_flush
c7e00480 T mem_ctrl_asm_init
c7e0057c t check_dmc1_ready
c7e00598 T cleanDCache
c7e005a4 T cleanFlushDCache
c7e005b0 T cleanFlushCache
c7e005dc T copy_uboot_to_ram
c7e006f4 T movi_set_capacity
c7e006f8 T movi_set_ofs
c7e00744 T movi_bl2_copy
c7e00788 T movi_read_env
c7e0079c T movi_write_env
c7e007b0 T movi_init
c7e007e0 T raise
c7e007e4 T __aeabi_ldiv0
c7e007e8 T __div0
c7e007ec t _TEXT_BASE
c7e007f0 T lowlevel_init
c7e00898 t wakeup_reset
c7e008c4 t system_clock_init
c7e008f8 t check_syncack
c7e00998 t uart_asm_init
c7e009e8 t nand_asm_init
c7e00a64 t READ_TIMER
c7e00a7c T enable_interrupts
c7e00a80 T disable_interrupts
c7e00a88 T set_timer
c7e00a98 T reset_timer_masked
c7e00ab8 T reset_timer
c7e00abc T get_timer_masked
c7e00b04 T get_timer
c7e00b18 T udelay
c7e00b8c T udelay_masked
c7e00c00 T get_ticks
c7e00c14 T get_tbclk
c7e00c2c T interrupt_init
c7e00ca8 T show_regs
c7e00de8 T bad_mode
c7e00e04 T do_irq
c7e00e28 T do_fiq
c7e00e4c T do_not_used
c7e00e70 T do_data_abort
c7e00e94 T do_prefetch_abort
c7e00eb8 T do_software_interrupt
c7e00edc T do_undefined_instruction
c7e00f00 t read_p15_c1
c7e00f08 t write_p15_c1
c7e00f10 t cp_delay
c7e00f3c T cpu_init
c7e00f44 T icache_enable
c7e00f60 T icache_disable
c7e00f7c T icache_status
c7e00f90 T dcache_enable
c7e00fac T dcache_disable
c7e00fc8 T dcache_status
c7e00fdc T branch_enable
c7e00ff8 T branch_disable
c7e01014 T branch_status
c7e01028 T cleanup_before_linux
c7e01054 T reset_cpu
c7e0108c T do_reset
c7e010a4 t wait_for_r_buf_ready
c7e01100 t wait_for_data_done
c7e0111c t ClearCommandCompleteStatus
c7e0114c t ClearTransferCompleteStatus
c7e01174 t ClearBufferReadReadyStatus
c7e0119c t card_irq_enable
c7e011c0 T hsmmc_reset
c7e011d4 T hsmmc_set_gpio
c7e01208 t set_transfer_mode_register
c7e0123c t set_arg_register
c7e0124c t set_blkcnt_register
c7e0125c t SetSystemAddressReg
c7e0126c t set_blksize_register
c7e01288 t ClearErrInterruptStatus
c7e012b4 t hsmmc_clock_onoff
c7e01300 t set_cmd_register
c7e01358 t set_hostctl_speed
c7e01378 t check_dma_int
c7e013dc t set_clock
c7e01460 t wait_for_cmd_done
c7e014c0 t issue_command
c7e015b4 t check_card_status
c7e015f0 t set_mmc_speed
c7e0162c t set_sd_speed
c7e0171c T movi_read
c7e0184c T movi_write
c7e019b8 t process_ext_csd
c7e01a8c T hsmmc_init
c7e01fa8 T test_hsmmc
c7e024e8 t S3C64XX_GetBase_UART
c7e024f8 T serial_setbrg
c7e024fc T serial_init
c7e0250c T serial_getc
c7e0252c T serial_putc
c7e0255c T serial_tstc
c7e02574 T serial_puts
c7e0259c t get_PLLCLK
c7e02608 T get_UCLK
c7e02610 T get_FCLK
c7e02618 T get_PCLK
c7e0266c T get_HCLK
c7e026c0 T get_ARMCLK
c7e026e8 T print_cpuinfo
c7e027d8 T sbrk
c7e0280c T hang
c7e0281c t display_dram_config
c7e0284c t display_banner
c7e0286c t init_baudrate
c7e028cc T start_armboot
c7e02ab0 t __fswab16
c7e02ac4 t __fswab32
c7e02ae4 t startAgainTimeout
c7e02af8 t startAgainHandler
c7e02afc T NetSetHandler
c7e02b0c T NetCksum
c7e02b54 T NetCksumOk
c7e02b78 T copy_filename
c7e02bd0 T string_to_VLAN
c7e02c1c T getenv_VLAN
c7e02c2c T string_to_ip
c7e02c94 T getenv_IPaddr
c7e02ca4 T NetEthHdrSize
c7e02ce8 T VLAN_to_string
c7e02d40 T ip_to_string
c7e02d80 T print_IPaddr
c7e02d9c t NetCopyIP
c7e02da4 T NetSetIP
c7e02ea4 T NetSetEther
c7e02f58 t NetReadIP
c7e02f74 t PingHandler
c7e02f9c t NetWriteIP
c7e02fb8 T NetSendPacket
c7e02fbc T ArpRequest
c7e030a8 T NetReceive
c7e03578 T PingSend
c7e036b4 T NetSetTimeout
c7e036e4 T NetSendUDPPacket
c7e03820 T NetStartAgain
c7e0389c T ArpTimeoutCheck
c7e03910 t PingTimeout
c7e0392c T NetLoop
c7e03d18 t __fswab16
c7e03d2c t TftpSend
c7e03e8c T TftpStart
c7e04080 t TftpTimeout
c7e040dc t TftpHandler
c7e04314 t __fswab16
c7e04328 t __fswab32
c7e04348 t truncate_sz
c7e0437c t NetWriteIP
c7e04398 t NetCopyIP
c7e043a0 t NetReadLong
c7e043bc T BootpRequest
c7e045c0 t BootpHandler
c7e048f0 t BootpTimeout
c7e04938 T RarpRequest
c7e04a40 t RarpHandler
c7e04a9c t RarpTimeout
c7e04ae4 T eth_initialize
c7e04aec t __fswab32
c7e04b0c t NfsTimeout
c7e04b30 t basename
c7e04b6c t dirname
c7e04b88 t rpc_add_credentials
c7e04c60 t rpc_lookup_reply
c7e04d00 t nfs_mount_reply
c7e04d9c t nfs_umountall_reply
c7e04e1c t nfs_lookup_reply
c7e04eb0 t rpc_req
c7e04fbc t rpc_lookup_req
c7e05020 t nfs_mount_req
c7e050b0 t nfs_umountall_req
c7e05108 t nfs_lookup_req
c7e051ac t nfs_read_req
c7e0522c t nfs_readlink_req
c7e05284 t NfsSend
c7e05318 T NfsStart
c7e0554c t nfs_readlink_reply
c7e05644 t nfs_read_reply
c7e05788 t NfsHandler
c7e05970 T eth_halt
c7e05974 t DM9000_ior
c7e0598c t DM9000_iow
c7e059a4 t dm9000_reset
c7e059c0 T eth_rx
c7e05b08 t phy_write
c7e05b60 t phy_read
c7e05bb8 T eth_send
c7e05c78 T eth_init
c7e060a4 T nand_init
c7e06140 t generic_ffs
c7e06198 t nand_release_device
c7e061b0 t nand_read_byte
c7e061c0 t nand_read_byte16
c7e061d4 t nand_read_word
c7e061e4 t nand_write_buf
c7e06218 t nand_read_buf
c7e06240 t nand_verify_buf
c7e06288 t nand_write_buf16
c7e062c0 t nand_read_buf16
c7e062f8 t nand_verify_buf16
c7e06344 t nand_block_bad
c7e06454 t nand_check_wp
c7e06490 T nand_wait_ready
c7e064a4 t nand_read_page_raw
c7e064dc t nand_read_page_swecc
c7e065f4 t nand_read_page_hwecc
c7e06724 t nand_read_page_syndrome
c7e06848 t nand_read_oob_std
c7e0688c t nand_read_oob_syndrome
c7e0699c t nand_write_oob_std
c7e06a0c t nand_write_oob_syndrome
c7e06bc4 t nand_write_page_raw
c7e06bf8 t nand_write_page_swecc
c7e06c9c t nand_write_page_hwecc
c7e06d68 t nand_write_page_syndrome
c7e06e58 t nand_write_page
c7e06f18 t single_erase_cmd
c7e06f54 t multi_erase_cmd
c7e06fe0 t nand_sync
c7e06fe4 t nand_suspend
c7e06fec T nand_release
c7e07014 t nand_resume
c7e07034 T nand_scan_ident
c7e07500 T nand_scan_tail
c7e079c4 T nand_scan
c7e079e4 t nand_select_chip
c7e07a40 t nand_block_isbad
c7e07aa0 t nand_block_markbad
c7e07adc t nand_fill_oob
c7e07bf0 t nand_do_write_oob
c7e07cf8 t nand_do_write_ops
c7e08018 t nand_write_oob
c7e080c8 t nand_write
c7e08160 t nand_transfer_oob
c7e08274 t nand_do_read_ops
c7e08610 t nand_read_oob
c7e087d4 T nand_read
c7e0886c t nand_command
c7e08a28 t nand_command_lp
c7e08c70 t nand_default_block_markbad
c7e08d48 T nand_erase_nand
c7e08fe0 t nand_erase
c7e08fe8 t nand_wait
c7e090bc T nand_calculate_ecc
c7e091b4 T nand_correct_data
c7e092e0 t check_pattern
c7e09398 t scan_read_raw
c7e093e4 t search_bbt
c7e0957c T nand_isbad_bbt
c7e095cc t create_bbt
c7e098d4 t read_bbt
c7e09adc t read_abs_bbt
c7e09ba8 t write_bbt
c7e0a1e4 T nand_update_bbt
c7e0a33c t mark_bbt_region
c7e0a4a8 T nand_scan_bbt
c7e0a91c T nand_default_bbt
c7e0a9e0 T run_command
c7e0ae18 t cread_add_char
c7e0af08 t cread_add_str
c7e0af58 T readline
c7e0b5f0 T main_loop
c7e0b710 t print_num
c7e0b724 T do_bdinfo
c7e0b7f8 T do_go
c7e0b878 t __fswab32
c7e0b898 t do_imls
c7e0b8a0 T gunzip
c7e0b9f8 t zfree
c7e0ba00 t zalloc
c7e0ba10 T print_image_hdr
c7e0be0c T do_bootm
c7e0c444 t on_off
c7e0c480 T do_branch
c7e0c504 T do_dcache
c7e0c588 T do_icache
c7e0c60c t cnvrt2
c7e0c650 T mk_date
c7e0c820 T do_date
c7e0c934 T valid_elf_image
c7e0c9a8 T load_elf_image
c7e0cab0 T do_bootvx
c7e0cc2c T do_bootelf
c7e0ccd0 t flash_fill_sect_ranges
c7e0cce0 T flash_sect_protect
c7e0cd74 T flash_sect_erase
c7e0cde4 t addr_spec
c7e0cea0 T do_flinfo
c7e0ced8 t abbrev_spec
c7e0cf10 T do_protect
c7e0d0dc T do_flerase
c7e0d228 t evalstr
c7e0d244 t evalexp
c7e0d290 T binary_test
c7e0d470 T do_itest
c7e0d518 T ktrans
c7e0d538 T chk1
c7e0d568 t bin_data_init
c7e0d584 t bin_data_char
c7e0d5b4 T k_data_init
c7e0d5d4 T k_data_save
c7e0d5fc T k_data_restore
c7e0d624 T k_data_char
c7e0d674 T send_pad
c7e0d6a4 T s1_sendpacket
c7e0d6d0 T handle_send_packet
c7e0d894 T send_nack
c7e0d8f4 T send_ack
c7e0d954 t load_serial_ymodem
c7e0da94 t getcxmodem
c7e0dab4 T do_load_serial_bin
c7e0df18 t load_serial
c7e0e144 T do_load_serial
c7e0e224 T do_mem_base
c7e0e268 T do_mem_crc
c7e0e320 T do_mem_mtest
c7e0e44c T cmd_get_data_size
c7e0e4c4 T do_mem_loop
c7e0e5c8 T do_mem_cp
c7e0e6f8 T do_mem_cmp
c7e0e89c T do_mem_mw
c7e0e970 t mod_mem
c7e0eacc T do_mem_nm
c7e0eaec T do_mem_mm
c7e0eb0c T do_mem_md
c7e0ece8 T do_sleep
c7e0ed78 t __fswab32
c7e0ed98 t nand_read
c7e0edc0 t str2long
c7e0edfc t arg_off_size
c7e0eed8 T do_nandboot
c7e0f10c T do_nand
c7e0fce8 T do_ping
c7e0fd70 t netboot_common
c7e1002c T do_nfs
c7e10038 T do_rarpb
c7e10044 T do_tftpb
c7e10050 T do_bootp
c7e1005c t envmatch
c7e100cc T getenv_r
c7e1018c T do_saveenv
c7e101b8 T getenv
c7e10234 T _do_setenv
c7e106c8 T do_setenv
c7e10708 T setenv
c7e1073c T do_printenv
c7e108e0 T usb_get_class_desc
c7e10988 T usb_display_ep_desc
c7e10a5c T usb_display_class_sub
c7e10bd0 T usb_show_tree_graph
c7e10de8 T usb_show_tree
c7e10e1c T usb_display_desc
c7e10f4c T usb_display_string
c7e10f84 T usb_display_if_desc
c7e1100c T usb_display_conf_desc
c7e110b8 T usb_display_config
c7e11148 T do_usb
c7e11324 T find_cmd
c7e113b8 T do_echo
c7e11438 T do_help
c7e115e4 T do_version
c7e11604 T do_exit
c7e11634 T do_test
c7e11ab0 t console_setfile
c7e11b50 T fgetc
c7e11b78 T ftstc
c7e11ba0 T fputc
c7e11bcc T fputs
c7e11bf8 T disable_ctrlc
c7e11c10 T had_ctrlc
c7e11c20 T clear_ctrlc
c7e11c34 T dbg
c7e11c40 T console_init_f
c7e11c50 T console_assign
c7e11ce0 T fprintf
c7e11d28 T puts
c7e11d44 T vprintf
c7e11d70 T printf
c7e11db0 T console_init_r
c7e11f54 T serial_printf
c7e11f94 T putc
c7e11fb0 T tstc
c7e11fc8 T getc
c7e11fe0 T ctrlc
c7e12030 T devices_done
c7e1204c T device_register
c7e12070 T devices_init
c7e1211c T malloc_bin_reloc
c7e12154 T malloc_usable_size
c7e12198 T mallopt
c7e12210 T malloc_trim
c7e122dc T free
c7e12508 T cfree
c7e1250c T malloc
c7e12aec T memalign
c7e12bfc T pvalloc
c7e12c14 T valloc
c7e12c20 T calloc
c7e12d00 T realloc
c7e1317c T env_get_char_memory
c7e1319c T env_get_addr
c7e131bc t env_get_char_init
c7e131dc T env_crc_update
c7e13208 T env_relocate
c7e1329c t nand_read
c7e132c4 t nand_write
c7e132ec T env_get_char_spec
c7e132f8 T env_init
c7e13314 t use_default
c7e133a0 T env_relocate_spec
c7e1340c T saveenv
c7e134fc t dummy
c7e13500 T get_version
c7e13508 T jumptable_init
c7e135c0 T flash_protect
c7e136bc T addr2info
c7e136c4 T flash_write
c7e136d4 T flash_perror
c7e137b4 t b_reset
c7e137d0 T simple_itoa
c7e13824 t static_get
c7e13840 t static_peek
c7e1384c t file_peek
c7e13858 t setup_string_in_str
c7e13884 t indenter
c7e13894 t is_assignment
c7e138f0 T mapset
c7e1391c T u_boot_hush_start
c7e139a4 t file_get
c7e13b74 t syntax_err
c7e13b80 t xmalloc
c7e13ba0 T new_pipe
c7e13bc8 t free_pipe_list
c7e13cb4 t b_free
c7e13cd8 t xrealloc
c7e13cf8 t done_command
c7e13d80 t initialize_context
c7e13db8 t done_pipe
c7e13e08 t b_addchr
c7e13e84 t b_addqchr
c7e13ed0 T reserved_word
c7e14008 t done_word
c7e1418c t insert_var_value
c7e1433c t set_local_var
c7e144ec T update_ifs_map
c7e1455c t parse_stream_outer
c7e14b3c T parse_file_outer
c7e14b80 T parse_string_outer
c7e14c48 t run_list_real
c7e153f4 T GetHandleSize
c7e153fc T ListSetAllocationPolicy
c7e15410 T ListGetPtrToItem
c7e15448 T ListGetDataPtr
c7e15454 T ListGetItemSize
c7e15460 T ListNumItems
c7e1546c T ListGetItems
c7e154b4 T SetHandleSize
c7e15530 T ListInsertItems
c7e15700 T ListInsertItem
c7e15708 T DisposeHandle
c7e15728 T ListDispose
c7e1572c T NewHandle
c7e15788 T ListCreate
c7e157e8 t hex1_bin
c7e15820 t hex2_bin
c7e15854 T srec_decode
c7e15ac4 T usb_disable_asynch
c7e15adc T usb_maxpacket
c7e15b00 T usb_set_maxpacket
c7e15c0c T usb_get_dev_index
c7e15c3c T usb_hub_reset
c7e15c50 T usb_hub_allocate
c7e15c98 T usb_alloc_new_device
c7e15d34 T usb_parse_config
c7e15ec8 T usb_submit_int_msg
c7e15ecc T usb_stop
c7e15efc T wait_ms
c7e15f20 T usb_bulk_msg
c7e15f84 T usb_control_msg
c7e16084 T usb_get_port_status
c7e160e4 T usb_get_hub_status
c7e16138 T usb_set_port_feature
c7e16198 T usb_clear_port_feature
c7e161f8 T usb_clear_hub_feature
c7e1624c T usb_get_hub_descriptor
c7e162a8 T usb_get_string
c7e16334 t usb_string_sub
c7e16438 T usb_string
c7e16538 T usb_get_class_descriptor
c7e165a8 T usb_get_report
c7e16618 T usb_set_idle
c7e1667c T usb_set_protocol
c7e166dc T usb_set_configuration
c7e16744 T usb_set_interface
c7e16810 T usb_set_address
c7e16854 T usb_get_descriptor
c7e168c0 T usb_get_configuration_no
c7e16968 T usb_clear_halt
c7e16a1c t usb_hub_power_on
c7e16a60 T usb_hub_port_connect_change
c7e16bbc T usb_hub_configure
c7e16dfc T usb_hub_probe
c7e16e5c T usb_new_device
c7e170ec T usb_scan_devices
c7e17150 T usb_init
c7e171cc T parse_num
c7e172f4 T xyzModem_error
c7e17390 T xyzModem_stream_close
c7e173dc T CYGACC_COMM_IF_PUTC
c7e173e4 T CYGACC_COMM_IF_GETC_TIMEOUT
c7e17438 t xyzModem_flush
c7e17460 T xyzModem_stream_terminate
c7e17534 t xyzModem_get_hdr
c7e177b8 T xyzModem_stream_read
c7e17a44 T xyzModem_stream_open
c7e17ba4 T do_usbd_dnw
c7e17cb8 T do_movi
c7e1806c T cyg_crc16
c7e180b4 T crc32
c7e181c8 T crc32_no_comp
c7e182d4 T print_size
c7e18374 T display_options
c7e18394 T strcpy
c7e183b0 T strncpy
c7e183d8 T strcat
c7e1840c T strncat
c7e18470 T strcmp
c7e184a8 T strncmp
c7e184f8 T strchr
c7e18524 T strlen
c7e18544 T strrchr
c7e1857c T strnlen
c7e185a4 T strspn
c7e185e8 T strpbrk
c7e18628 T strtok
c7e186a8 T strsep
c7e186dc T strswab
c7e18728 T memset
c7e18748 T bcopy
c7e18774 T memcpy
c7e18798 T memmove
c7e187f4 T memcmp
c7e18834 T memscan
c7e18864 T strstr
c7e188c8 T memchr
c7e188f8 T strdup
c7e1892c T simple_strtoul
c7e189e4 T simple_strtol
c7e18a0c t skip_atoi
c7e18a44 t number
c7e18cb0 T panic
c7e18d00 T vsprintf
c7e19104 T sprintf
c7e1912c t falloc
c7e19150 t ffree
c7e19154 t inflate_trees_free
c7e19188 t huft_build
c7e19750 t inflate_trees_fixed
c7e1994c t inflate_codes_new
c7e1999c t inflate_codes_free
c7e199bc t inflate_blocks_reset
c7e19a84 T inflateEnd
c7e19b1c T inflateReset
c7e19b7c T inflateSync
c7e19c7c T inflateInit2
c7e19dc0 T inflateInit
c7e19dc8 T adler32
c7e19f40 T inflateIncomp
c7e1a06c t inflate_flush
c7e1a1e0 T inflate
c7e1bec0 T board_init
c7e1bf0c T dram_init
c7e1bf2c T virt_to_phy_smdk6410
c7e1bf5c T checkboard
c7e1bf74 T board_late_init
c7e1c00c t write_hword
c7e1c104 T write_buff
c7e1c278 T flash_print_info
c7e1c38c T flash_erase
c7e1c590 T flash_init
c7e1c5dc t td_alloc
c7e1c61c t urb_free_priv
c7e1c654 T rh_check_port_status
c7e1c65c T submit_common_msg
c7e1c664 T submit_bulk_msg
c7e1c66c T submit_control_msg
c7e1c674 T submit_int_msg
c7e1c67c T usb_lowlevel_init
c7e1c684 T usb_lowlevel_stop
c7e1c68c t td_fill
c7e1c740 T sohci_submit_job
c7e1cccc t s3c_nand_hwcontrol
c7e1cd44 t s3c_nand_device_ready
c7e1cd60 t s3c_nand_enable_hwecc
c7e1cdc4 t s3c_nand_calculate_ecc
c7e1ce90 t s3c_nand_write_oob_1bit
c7e1cf70 t s3c_nand_read_oob_1bit
c7e1d034 t s3c_nand_write_page_1bit
c7e1d19c t s3c_nand_read_page_1bit
c7e1d33c t s3c_nand_read_page_4bit
c7e1d450 t s3c_nand_write_page_4bit
c7e1d51c T board_nand_init
c7e1d778 t s3c_nand_correct_data
c7e1d954 t s3c_nand_scan_bbt
c7e1d958 T s3c_usb_core_soft_reset
c7e1d978 T s3c_usb_init_core
c7e1d994 T s3c_usb_check_current_mode
c7e1d9a8 T s3c_usb_set_soft_disconnect
c7e1d9bc T s3c_usb_clear_soft_disconnect
c7e1d9d0 T s3c_usb_init_device
c7e1da10 T s3c_usbc_activate
c7e1da18 T s3c_usb_stop
c7e1da20 T s3c_usb_set_inep_xfersize
c7e1da4c T s3c_usb_set_outep_xfersize
c7e1da7c T s3c_usb_write_ep0_fifo
c7e1dad4 T s3c_usb_write_in_fifo
c7e1db2c T s3c_usb_read_out_fifo
c7e1db80 T s3c_usb_get_desc
c7e1dd50 T s3c_usb_clear_feature
c7e1ddcc T s3c_usb_set_feature
c7e1df2c T s3c_usb_get_status
c7e1dfd4 T s3c_usb_ep0_int_hndlr
c7e1e1ec T s3c_usb_set_otherspeed_conf_desc
c7e1e30c T s3c_usb_transfer_ep0
c7e1efd0 T s3c_usb_int_bulkin
c7e1f19c T s3c_usb_upload_start
c7e1f3c8 T s3c_usb_download_start
c7e1f5d4 T s3c_usb_dma_in_done
c7e1f6e4 T s3c_usb_set_all_outep_nak
c7e1f70c T s3c_usb_clear_all_outep_nak
c7e1f734 T s3c_usb_set_max_pktsize
c7e1f7e4 T s3c_usb_set_endpoint
c7e1f838 T s3c_usb_set_descriptors
c7e1f9d4 T s3c_usb_check_speed
c7e1f9ec T s3c_usb_clear_dnfile_info
c7e1fa2c T s3c_usb_clear_upfile_info
c7e1fa6c T s3c_usb_check_setconf
c7e1fa9c T s3c_usb_set_opmode
c7e1fb6c T s3c_usb_reset
c7e1fbd4 T s3c_usb_set_init
c7e1fc30 T s3c_usb_verify_checksum
c7e1fcf8 T s3c_usb_download_continue
c7e1fe64 T s3c_usb_int_bulkout
c7e1feb4 T s3c_usb_pkt_receive
c7e1ff34 T s3c_usb_print_pkt
c7e1ff80 T s3c_usb_dma_out_done
c7e2009c T s3c_usb_transfer
c7e201c0 T s3c_udc_int_hndlr
c7e2025c T s3c_usb_wait_cable_insert
c7e202a8 T s3c_usb_init_phy
c7e202e0 T s3c_usbctl_init
c7e203a4 t __fswab32
c7e203c4 T do_bootm_linux
c7e207b4 T flush_cache
c7e207b8 T GregorianDay
c7e208ac T to_tm
c7e209bc T mktime
c7e20a50 t SetRTC_Access
c7e20a8c t bcd2bin
c7e20aa0 t bin2bcd
c7e20ad4 T rtc_get
c7e20bd8 T rtc_set
c7e20c78 T rtc_reset
c7e20ca0 t nand_block_bad_scrub
c7e20ca8 T nand_lock
c7e20cfc T nand_unlock
c7e20e0c T nand_get_lock_status
c7e20e98 T nand_read_opts
c7e2122c T nand_write_opts
c7e21738 T nand_erase_opts
c7e21aa4 T __div64_32
c7e21b98 T __aeabi_uidiv
c7e21b98 T __udivsi3
c7e21b98 t .udivsi3_nodiv0
c7e21d84 T __aeabi_uidivmod
c7e21da4 T __aeabi_idiv
c7e21da4 T __divsi3
c7e21dac t .divsi3_nodiv0
c7e21fc4 T __aeabi_idivmod
c7e21fe4 T __aeabi_lasr
c7e21fe4 T __ashrdi3
c7e22000 T __aeabi_llsl
c7e22000 T __ashldi3
c7e2201c W __aeabi_idiv0
c7e2226c r C.8.2231
c7e222ec R version_string
c7e22326 r default_nand_name
c7e2232b r __FUNCTION__.4016
c7e2233a r __FUNCTION__.2571
c7e2234b r __FUNCTION__.3560
c7e22359 r __FUNCTION__.3075
c7e2236b r C.19.2729
c7e2236d r nand_ecc_precalc_table
c7e22470 r baudrate_table
c7e22484 r crc16_tab
c7e22684 r crc_table
c7e22a84 r border
c7e22ad0 r inflate_mask
c7e22b14 R config_full
c7e22b1d R config_full_total
c7e22b3d R config_high
c7e22b46 R config_high_total
c7e22b66 R qualifier_desc
c7e22b70 R string_desc0
c7e22b74 R string_desc1
c7e22b8a R string_desc2
c7e22bb8 r C.7.1894
c7e28b84 D init_sequence
c7e28bb8 D NetOurVLAN
c7e28bba D NetBcastAddr
c7e28bc0 D NetOurNativeVLAN
c7e28bc4 d nfs_offset
c7e28bc8 D nand_curr_device
c7e28bcc d nand_oob_8
c7e28d1c d nand_oob_16
c7e28e6c d nand_oob_64
c7e28fbc D nand_flash_ids
c7e29544 D nand_manuf_ids
c7e29584 d bbt_main_descr
c7e295a8 d bbt_mirror_descr
c7e295cc d agand_flashbased
c7e295f0 d smallpage_flashbased
c7e29614 d largepage_flashbased
c7e29638 d smallpage_memorybased
c7e2965c d largepage_memorybased
c7e29680 d bbt_pattern
c7e29684 d mirror_pattern
c7e29688 d scan_agand_pattern
c7e2968e d scan_ff_pattern
c7e29690 d hist_cur
c7e29694 D load_addr
c7e29698 D weekdays
c7e296b4 D op_table
c7e2971c d do_echo
c7e29720 D dp_last_length
c7e29724 D stdio_names
c7e29730 d av_
c7e29b38 d trim_threshold
c7e29b3c d mmap_threshold
c7e29b40 d sbrk_base
c7e29b44 D default_environment
c7e29c70 D env_get_char
c7e29c74 D default_environment_size
c7e29c78 D env_name_spec
c7e29c7c d blanks.2356
c7e29ca4 d reserved_list
c7e29d28 D _ctype
c7e29e28 d fixed_left
c7e29e2c d cplens
c7e29ea8 d cplext
c7e29f24 d cpdist
c7e29f9c d cpdext
c7e2a014 D zlib_version
c7e2a018 D z_errmsg
c7e2a038 d s3c_nand_oob_64
c7e2a188 d s3c_nand_oob_16
c7e2a2d8 d s3c_nand_oob_mlc_64
c7e2a428 D test_pkt
c7e2a460 d month_days
c7e2a490 d autoplace_oobinfo
c7e2a5e0 d jffs2_oobinfo
c7e2a730 d yaffs_oobinfo
c7e2a880 A __u_boot_cmd_start
c7e2a880 D __u_boot_cmd_bdinfo
c7e2a898 D __u_boot_cmd_go
c7e2a8b0 D __u_boot_cmd_reset
c7e2a8c8 D __u_boot_cmd_bootm
c7e2a8e0 D __u_boot_cmd_imls
c7e2a8f8 D __u_boot_cmd_icache
c7e2a910 D __u_boot_cmd_dcache
c7e2a928 D __u_boot_cmd_branch
c7e2a940 D __u_boot_cmd_date
c7e2a958 D __u_boot_cmd_bootelf
c7e2a970 D __u_boot_cmd_bootvx
c7e2a988 D __u_boot_cmd_flinfo
c7e2a9a0 D __u_boot_cmd_erase
c7e2a9b8 D __u_boot_cmd_protect
c7e2a9d0 D __u_boot_cmd_itest
c7e2a9e8 D __u_boot_cmd_loads
c7e2aa00 D __u_boot_cmd_loadb
c7e2aa18 D __u_boot_cmd_loady
c7e2aa30 D __u_boot_cmd_md
c7e2aa48 D __u_boot_cmd_mm
c7e2aa60 D __u_boot_cmd_nm
c7e2aa78 D __u_boot_cmd_mw
c7e2aa90 D __u_boot_cmd_cp
c7e2aaa8 D __u_boot_cmd_cmp
c7e2aac0 D __u_boot_cmd_crc32
c7e2aad8 D __u_boot_cmd_base
c7e2aaf0 D __u_boot_cmd_loop
c7e2ab08 D __u_boot_cmd_mtest
c7e2ab20 D __u_boot_cmd_sleep
c7e2ab38 D __u_boot_cmd_nand
c7e2ab50 D __u_boot_cmd_nboot
c7e2ab68 D __u_boot_cmd_bootp
c7e2ab80 D __u_boot_cmd_tftpboot
c7e2ab98 D __u_boot_cmd_rarpboot
c7e2abb0 D __u_boot_cmd_nfs
c7e2abc8 D __u_boot_cmd_ping
c7e2abe0 D __u_boot_cmd_printenv
c7e2abf8 D __u_boot_cmd_setenv
c7e2ac10 D __u_boot_cmd_saveenv
c7e2ac28 D __u_boot_cmd_usb
c7e2ac40 D __u_boot_cmd_version
c7e2ac58 D __u_boot_cmd_echo
c7e2ac70 D __u_boot_cmd_test
c7e2ac88 D __u_boot_cmd_exit
c7e2aca0 D __u_boot_cmd_help
c7e2acb8 D __u_boot_cmd_question_mark
c7e2acd0 D __u_boot_cmd_dnw
c7e2ace8 D __u_boot_cmd_movi
c7e2ad00 A __u_boot_cmd_end
c7e2c000 R mmu_table
c7e30000 A __bss_start
c7e30000 B movi_hc
c7e30004 b timestamp
c7e30008 b lastdec
c7e3000c B timer_load_val
c7e30010 b HS_DMA_END
c7e30014 b ocr_check
c7e30018 b rca
c7e3001c b rd_cnt_HSMMC
c7e30020 b BlockNum_HSMMC
c7e30024 b ReadBlockCnt_INT
c7e30028 b wt_cnt_HSMMC
c7e3002c b WriteBlockCnt_INT
c7e30030 b BufferBoundary_INT_Cnt
c7e30034 b CompareCnt_INT
c7e30038 b Compare_buffer_HSMMC
c7e3003c b HCLK
c7e30040 b mmc_card
c7e30044 b card_mid
c7e30048 b mmc_spec
c7e3004c b sd_spec
c7e30050 b Tx_buffer_HSMMC
c7e30054 b COMPARE_INT_DONE
c7e30058 b Rx_buffer_HSMMC
c7e3005c b mem_malloc_brk
c7e30060 b mem_malloc_start
c7e30064 b mem_malloc_end
c7e30068 B monitor_flash_len
c7e3006c B NetState
c7e30070 b packetHandler
c7e30074 B NetIPID
c7e30078 B NetOurIP
c7e3007c B NetOurEther
c7e30084 B NetPingIP
c7e30088 B NetTxPacket
c7e3008c B NetArpWaitPacketIP
c7e30090 B NetOurSubnetMask
c7e30094 B NetOurGatewayIP
c7e30098 B NetArpWaitReplyIP
c7e3009c B NetRxPkt
c7e300a0 B NetRxPktLen
c7e300a4 B NetArpWaitPacketMAC
c7e300a8 B NetArpWaitTxPacket
c7e300ac B NetArpWaitTxPacketSize
c7e300b0 B NetServerIP
c7e300b4 B NetServerEther
c7e300ba b mac.2519
c7e300c0 B NetEtherNullAddr
c7e300c6 b PingSeqNo
c7e300c8 B NetArpWaitTry
c7e300cc B NetArpWaitTimerStart
c7e300d0 b timeHandler
c7e300d4 b timeStart
c7e300d8 b timeDelta
c7e300dc B PktBuf
c7e31efc B NetRxPackets
c7e31f0c B NetArpWaitPacketBuf
c7e3252c B NetBootFileXferSize
c7e32530 B NetOurDNSIP
c7e32534 B NetOurNISDomain
c7e32554 B NetOurHostName
c7e32574 B NetOurRootPath
c7e325b4 B NetBootFileSize
c7e325b6 B BootFile
c7e32638 b TftpState
c7e3263c b tftp_filename
c7e32640 b TftpBlock
c7e32644 b TftpServerPort
c7e32648 b TftpOurPort
c7e3264c b default_filename
c7e3265c b TftpTimeoutCount
c7e32660 b TftpBlockWrap
c7e32664 b TftpBlockWrapOffset
c7e32668 b TftpLastBlock
c7e3266c B BootpTry
c7e32670 B BootpID
c7e32674 B RarpTry
c7e32678 b rpc_id
c7e3267c b NfsSrvMountPort
c7e32680 b NfsSrvNfsPort
c7e32684 b fs_mounted
c7e32688 b dirfh
c7e326a8 b filefh
c7e326c8 b NfsServerIP
c7e326cc b NfsOurPort
c7e326d0 b NfsState
c7e326d4 b nfs_path
c7e326d8 b nfs_filename
c7e326dc b nfs_len
c7e326e0 b NfsDownloadState
c7e326e4 b nfs_path_buff
c7e32ee4 b default_filename
c7e32f24 b NfsTimeoutCount
c7e32f28 B dmfe_info
c7e32fc8 b nfloor
c7e32fcc B nand_info
c7e33080 b nand_chip
c7e33184 b initted.2111
c7e33188 b hist_max
c7e3318c b hist_add_idx
c7e33190 B hist_num
c7e33194 B hist_lines
c7e34594 B hist_list
c7e345e4 B console_buffer
c7e346e4 B header
c7e34724 b os_data_state
c7e34728 B os_data_count
c7e3472c b os_data_addr
c7e34730 b bin_start_address
c7e34734 b k_data_escape
c7e34738 B os_data_init
c7e3473c b k_data_escape_saved
c7e34740 b os_data_state_saved
c7e34744 b os_data_count_saved
c7e34748 b os_data_addr_saved
c7e3474c B os_data_char
c7e34750 B his_quote
c7e34754 B his_pad_count
c7e34758 B his_pad_char
c7e34759 B his_eol
c7e3475c B send_ptr
c7e34760 B send_parms
c7e34774 b a_b
c7e3478c B os_data_header
c7e347ac b base_address
c7e347b0 B mm_last_addr
c7e347b4 B mm_last_size
c7e347b8 B dp_last_addr
c7e347bc B dp_last_size
c7e347c0 b ctrlc_disabled
c7e347c4 b ctrlc_was_pressed
c7e347c8 B devlist
c7e347cc B stdio_devices
c7e347d8 b top_pad
c7e347dc b n_mmaps_max
c7e347e0 b current_mallinfo
c7e34808 b max_sbrked_mem
c7e3480c b max_total_mem
c7e34810 B env_ptr
c7e34814 b local.2147
c7e3482a b map
c7e3492c b top_vars
c7e34930 b flag_repeat
c7e34934 b do_repeat
c7e34938 b the_command.2174
c7e34a38 b buf.2614
c7e34a60 B last_return_code
c7e34a64 b ifs
c7e34a68 B nesting_level
c7e34a6c b asynch_allowed
c7e34a70 b usb_dev
c7e412f0 b usb_hub_index
c7e412f4 b hub_dev
c7e413f4 b dev_index
c7e413f8 B usb_started
c7e413f9 b setup_packet
c7e41404 b running
c7e41408 b xyz
c7e41844 B ofsinfo
c7e4185c B ___strtok
c7e41860 b fixed_mem
c7e428f0 b fixed_lock
c7e428f4 b fixed_built
c7e428f8 b fixed_bl
c7e428fc b fixed_tl
c7e42900 b fixed_bd
c7e42904 b fixed_td
c7e42908 B flash_info
c7e42a00 B ptd
c7e42a04 b gohci
c7e42ad0 B ohci_dev
c7e42c60 B urb_priv
c7e42d40 B gtd
c7e43e00 B ghcca
c7e43f00 B phcca
c7e43f04 B got_rhsc
c7e43f08 B devgone
c7e44000 B boot_nand
c7e44004 B cur_ecc_mode
c7e44008 B nand_type
c7e4400c B otg
c7e44090 B remode_wakeup
c7e44094 B get_status
c7e4409a B config_value
c7e4409c B get_intf
c7e440a0 B s3c_usbd_dn_addr
c7e440a4 B op_mode
c7e440a8 B s3c_receive_done
c7e440ac B speed
c7e440b0 B s3c_got_header
c7e440b4 B DNW
c7e440b8 b params
c7e440bc b data_buf
c7e448bc b oob_buf
c7e448fc b none_oobinfo
c7e44a4c A _end
