c7e00000 T _start
c7e00020 t _undefined_instruction
c7e00024 t _software_interrupt
c7e00028 t _prefetch_abort
c7e0002c t _data_abort
c7e00030 t _not_used
c7e00034 t _irq
c7e00038 t _fiq
c7e0003c t _pad
c7e00040 T _end_vect
c7e00040 t _TEXT_BASE
c7e00044 t _TEXT_PHY_BASE
c7e00048 T _armboot_start
c7e0004c T _bss_start
c7e00050 T _bss_end
c7e00054 t reset
c7e00064 t cpu_init_crit
c7e000bc t after_copy
c7e000bc t enable_mmu
c7e000dc t mmu_on
c7e000f8 t skip_hw_init
c7e000f8 t stack_setup
c7e000fc t clear_bss
c7e00108 t clbss_l
c7e0011c t _start_armboot
c7e00120 t _mmu_table_base
c7e00124 T copy_from_nand
c7e00170 t copy_failed
c7e00178 t compare_failed
c7e00180 T theLastJump
c7e0019c t phy_last_jump
c7e001c0 t undefined_instruction
c7e00220 t software_interrupt
c7e00280 t prefetch_abort
c7e002e0 t data_abort
c7e00340 t not_used
c7e003a0 t irq
c7e00400 t fiq
c7e00460 T arm1136_cache_flush
c7e00480 T mem_ctrl_asm_init
c7e0057c t check_dmc1_ready
c7e00598 T cleanDCache
c7e005a4 T cleanFlushDCache
c7e005b0 T cleanFlushCache
c7e005dc T copy_uboot_to_ram
c7e006f4 T movi_set_capacity
c7e00718 T movi_set_ofs
c7e00764 T movi_bl2_copy
c7e007b0 T movi_read_env
c7e007c4 T movi_write_env
c7e007d8 T movi_init
c7e00808 T raise
c7e0080c T __aeabi_ldiv0
c7e00810 T __div0
c7e00814 t _TEXT_BASE
c7e00818 T lowlevel_init
c7e008c0 t wakeup_reset
c7e008ec t system_clock_init
c7e00920 t check_syncack
c7e009c0 t uart_asm_init
c7e00a10 t nand_asm_init
c7e00a8c t READ_TIMER
c7e00aa4 T enable_interrupts
c7e00aa8 T disable_interrupts
c7e00ab0 T set_timer
c7e00ac0 T reset_timer_masked
c7e00ae0 T reset_timer
c7e00ae4 T get_timer_masked
c7e00b2c T get_timer
c7e00b40 T udelay
c7e00bb4 T udelay_masked
c7e00c28 T get_ticks
c7e00c3c T get_tbclk
c7e00c54 T interrupt_init
c7e00cd0 T show_regs
c7e00e10 T bad_mode
c7e00e2c T do_irq
c7e00e50 T do_fiq
c7e00e74 T do_not_used
c7e00e98 T do_data_abort
c7e00ebc T do_prefetch_abort
c7e00ee0 T do_software_interrupt
c7e00f04 T do_undefined_instruction
c7e00f28 t read_p15_c1
c7e00f30 t write_p15_c1
c7e00f38 t cp_delay
c7e00f64 T cpu_init
c7e00f6c T icache_enable
c7e00f88 T icache_disable
c7e00fa4 T icache_status
c7e00fb8 T dcache_enable
c7e00fd4 T dcache_disable
c7e00ff0 T dcache_status
c7e01004 T branch_enable
c7e01020 T branch_disable
c7e0103c T branch_status
c7e01050 T cleanup_before_linux
c7e0107c T reset_cpu
c7e010b4 T do_reset
c7e010cc t wait_for_r_buf_ready
c7e01128 t wait_for_data_done
c7e01144 t ClearCommandCompleteStatus
c7e01174 t ClearTransferCompleteStatus
c7e0119c t ClearBufferReadReadyStatus
c7e011c4 t card_irq_enable
c7e011e8 T hsmmc_reset
c7e011fc T hsmmc_set_gpio
c7e01230 t set_transfer_mode_register
c7e01264 t set_arg_register
c7e01274 t set_blkcnt_register
c7e01284 t SetSystemAddressReg
c7e01294 t set_blksize_register
c7e012b0 t ClearErrInterruptStatus
c7e012dc t hsmmc_clock_onoff
c7e01328 t set_cmd_register
c7e01380 t set_hostctl_speed
c7e013a0 t check_dma_int
c7e01404 t set_clock
c7e01488 t wait_for_cmd_done
c7e014e8 t issue_command
c7e015dc t check_card_status
c7e01618 t set_mmc_speed
c7e01654 t set_sd_speed
c7e01744 T movi_read
c7e01874 T movi_write
c7e019e0 t process_ext_csd
c7e01ab4 T hsmmc_init
c7e01fd0 T test_hsmmc
c7e02510 t S3C64XX_GetBase_UART
c7e02520 T serial_setbrg
c7e02524 T serial_init
c7e02534 T serial_getc
c7e02554 T serial_putc
c7e02584 T serial_tstc
c7e0259c T serial_puts
c7e025c4 t get_PLLCLK
c7e02630 T get_UCLK
c7e02638 T get_FCLK
c7e02640 T get_PCLK
c7e02694 T get_HCLK
c7e026e8 T get_ARMCLK
c7e02710 T print_cpuinfo
c7e02800 T sbrk
c7e02834 T hang
c7e02844 t display_dram_config
c7e02874 t display_banner
c7e02894 t init_baudrate
c7e028f4 T start_armboot
c7e02b38 t __fswab16
c7e02b4c t __fswab32
c7e02b6c t startAgainTimeout
c7e02b80 t startAgainHandler
c7e02b84 T NetSetHandler
c7e02b94 T NetCksum
c7e02bdc T NetCksumOk
c7e02c00 T copy_filename
c7e02c58 T string_to_VLAN
c7e02ca4 T getenv_VLAN
c7e02cb4 T string_to_ip
c7e02d1c T getenv_IPaddr
c7e02d2c T NetEthHdrSize
c7e02d70 T VLAN_to_string
c7e02dc8 T ip_to_string
c7e02e08 T print_IPaddr
c7e02e24 t NetCopyIP
c7e02e2c T NetSetIP
c7e02f2c T NetSetEther
c7e02fe0 t NetReadIP
c7e02ffc t PingHandler
c7e03024 t NetWriteIP
c7e03040 T NetSendPacket
c7e03044 T ArpRequest
c7e03130 T NetReceive
c7e03600 T PingSend
c7e0373c T NetSetTimeout
c7e0376c T NetSendUDPPacket
c7e038a8 T NetStartAgain
c7e03924 T ArpTimeoutCheck
c7e03998 t PingTimeout
c7e039b4 T NetLoop
c7e03da0 t __fswab16
c7e03db4 t TftpSend
c7e03f14 T TftpStart
c7e04108 t TftpTimeout
c7e04164 t TftpHandler
c7e0439c t __fswab16
c7e043b0 t __fswab32
c7e043d0 t truncate_sz
c7e04404 t NetWriteIP
c7e04420 t NetCopyIP
c7e04428 t NetReadLong
c7e04444 T BootpRequest
c7e04648 t BootpHandler
c7e04978 t BootpTimeout
c7e049c0 T RarpRequest
c7e04ac8 t RarpHandler
c7e04b24 t RarpTimeout
c7e04b6c T eth_initialize
c7e04b74 t __fswab32
c7e04b94 t NfsTimeout
c7e04bb8 t basename
c7e04bf4 t dirname
c7e04c10 t rpc_add_credentials
c7e04ce8 t rpc_lookup_reply
c7e04d88 t nfs_mount_reply
c7e04e24 t nfs_umountall_reply
c7e04ea4 t nfs_lookup_reply
c7e04f38 t rpc_req
c7e05044 t rpc_lookup_req
c7e050a8 t nfs_mount_req
c7e05138 t nfs_umountall_req
c7e05190 t nfs_lookup_req
c7e05234 t nfs_read_req
c7e052b4 t nfs_readlink_req
c7e0530c t NfsSend
c7e053a0 T NfsStart
c7e055d4 t nfs_readlink_reply
c7e056cc t nfs_read_reply
c7e05810 t NfsHandler
c7e059f8 T eth_halt
c7e059fc t DM9000_ior
c7e05a14 t DM9000_iow
c7e05a2c t dm9000_reset
c7e05a48 T eth_rx
c7e05b90 t phy_write
c7e05be8 t phy_read
c7e05c40 T eth_send
c7e05d00 T eth_init
c7e0612c T nand_init
c7e061c8 t generic_ffs
c7e06220 t nand_release_device
c7e06238 t nand_read_byte
c7e06248 t nand_read_byte16
c7e0625c t nand_read_word
c7e0626c t nand_write_buf
c7e062a0 t nand_read_buf
c7e062c8 t nand_verify_buf
c7e06310 t nand_write_buf16
c7e06348 t nand_read_buf16
c7e06380 t nand_verify_buf16
c7e063cc t nand_block_bad
c7e064dc t nand_check_wp
c7e06518 T nand_wait_ready
c7e0652c t nand_read_page_raw
c7e06564 t nand_read_page_swecc
c7e0667c t nand_read_page_hwecc
c7e067ac t nand_read_page_syndrome
c7e068d0 t nand_read_oob_std
c7e06914 t nand_read_oob_syndrome
c7e06a24 t nand_write_oob_std
c7e06a94 t nand_write_oob_syndrome
c7e06c4c t nand_write_page_raw
c7e06c80 t nand_write_page_swecc
c7e06d24 t nand_write_page_hwecc
c7e06df0 t nand_write_page_syndrome
c7e06ee0 t nand_write_page
c7e06fa0 t single_erase_cmd
c7e06fdc t multi_erase_cmd
c7e07068 t nand_sync
c7e0706c t nand_suspend
c7e07074 T nand_release
c7e0709c t nand_resume
c7e070bc T nand_scan_ident
c7e07588 T nand_scan_tail
c7e07a4c T nand_scan
c7e07a6c t nand_select_chip
c7e07ac8 t nand_block_isbad
c7e07b28 t nand_block_markbad
c7e07b64 t nand_fill_oob
c7e07c78 t nand_do_write_oob
c7e07d80 t nand_do_write_ops
c7e080a0 t nand_write_oob
c7e08150 t nand_write
c7e081e8 t nand_transfer_oob
c7e082fc t nand_do_read_ops
c7e08698 t nand_read_oob
c7e0885c T nand_read
c7e088f4 t nand_command
c7e08ab0 t nand_command_lp
c7e08cf8 t nand_default_block_markbad
c7e08dd0 T nand_erase_nand
c7e09068 t nand_erase
c7e09070 t nand_wait
c7e09144 T nand_calculate_ecc
c7e0923c T nand_correct_data
c7e09368 t check_pattern
c7e09420 t scan_read_raw
c7e0946c t search_bbt
c7e09604 T nand_isbad_bbt
c7e09654 t create_bbt
c7e0995c t read_bbt
c7e09b64 t read_abs_bbt
c7e09c30 t write_bbt
c7e0a26c T nand_update_bbt
c7e0a3c4 t mark_bbt_region
c7e0a530 T nand_scan_bbt
c7e0a9a4 T nand_default_bbt
c7e0aa68 T run_command
c7e0aea0 t cread_add_char
c7e0af90 t cread_add_str
c7e0afe0 T readline
c7e0b678 T main_loop
c7e0b798 t print_num
c7e0b7ac T do_bdinfo
c7e0b880 T do_go
c7e0b900 t __fswab32
c7e0b920 t do_imls
c7e0b928 T gunzip
c7e0ba80 t zfree
c7e0ba88 t zalloc
c7e0ba98 T print_image_hdr
c7e0be94 T do_bootm
c7e0c4cc t on_off
c7e0c508 T do_branch
c7e0c58c T do_dcache
c7e0c610 T do_icache
c7e0c694 t cnvrt2
c7e0c6d8 T mk_date
c7e0c8a8 T do_date
c7e0c9bc T valid_elf_image
c7e0ca30 T load_elf_image
c7e0cb38 T do_bootvx
c7e0ccb4 T do_bootelf
c7e0cd58 t flash_fill_sect_ranges
c7e0cd68 T flash_sect_protect
c7e0cdfc T flash_sect_erase
c7e0ce6c t addr_spec
c7e0cf28 T do_flinfo
c7e0cf60 t abbrev_spec
c7e0cf98 T do_protect
c7e0d164 T do_flerase
c7e0d2b0 t evalstr
c7e0d2cc t evalexp
c7e0d318 T binary_test
c7e0d4f8 T do_itest
c7e0d5a0 T ktrans
c7e0d5c0 T chk1
c7e0d5f0 t bin_data_init
c7e0d60c t bin_data_char
c7e0d63c T k_data_init
c7e0d65c T k_data_save
c7e0d684 T k_data_restore
c7e0d6ac T k_data_char
c7e0d6fc T send_pad
c7e0d72c T s1_sendpacket
c7e0d758 T handle_send_packet
c7e0d91c T send_nack
c7e0d97c T send_ack
c7e0d9dc t load_serial_ymodem
c7e0db1c t getcxmodem
c7e0db3c T do_load_serial_bin
c7e0dfa0 t load_serial
c7e0e1cc T do_load_serial
c7e0e2ac T do_mem_base
c7e0e2f0 T do_mem_crc
c7e0e3a8 T do_mem_mtest
c7e0e4d4 T cmd_get_data_size
c7e0e54c T do_mem_loop
c7e0e650 T do_mem_cp
c7e0e780 T do_mem_cmp
c7e0e924 T do_mem_mw
c7e0e9f8 t mod_mem
c7e0eb54 T do_mem_nm
c7e0eb74 T do_mem_mm
c7e0eb94 T do_mem_md
c7e0ed70 T do_sleep
c7e0ee00 t __fswab32
c7e0ee20 t nand_read
c7e0ee48 t str2long
c7e0ee84 t arg_off_size
c7e0ef60 T do_nandboot
c7e0f194 T do_nand
c7e0fd70 T do_ping
c7e0fdf8 t netboot_common
c7e100b4 T do_nfs
c7e100c0 T do_rarpb
c7e100cc T do_tftpb
c7e100d8 T do_bootp
c7e100e4 t envmatch
c7e10154 T getenv_r
c7e10214 T do_saveenv
c7e10240 T getenv
c7e102bc T _do_setenv
c7e10750 T do_setenv
c7e10790 T setenv
c7e107c4 T do_printenv
c7e10968 T usb_get_class_desc
c7e10a10 T usb_display_ep_desc
c7e10ae4 T usb_display_class_sub
c7e10c58 T usb_show_tree_graph
c7e10e70 T usb_show_tree
c7e10ea4 T usb_display_desc
c7e10fd4 T usb_display_string
c7e1100c T usb_display_if_desc
c7e11094 T usb_display_conf_desc
c7e11140 T usb_display_config
c7e111d0 T do_usb
c7e113ac T find_cmd
c7e11440 T do_echo
c7e114c0 T do_help
c7e1166c T do_version
c7e1168c T do_exit
c7e116bc T do_test
c7e11b38 t console_setfile
c7e11bd8 T fgetc
c7e11c00 T ftstc
c7e11c28 T fputc
c7e11c54 T fputs
c7e11c80 T disable_ctrlc
c7e11c98 T had_ctrlc
c7e11ca8 T clear_ctrlc
c7e11cbc T dbg
c7e11cc8 T console_init_f
c7e11cd8 T console_assign
c7e11d68 T fprintf
c7e11db0 T puts
c7e11dcc T vprintf
c7e11df8 T printf
c7e11e38 T console_init_r
c7e11fdc T serial_printf
c7e1201c T putc
c7e12038 T tstc
c7e12050 T getc
c7e12068 T ctrlc
c7e120b8 T devices_done
c7e120d4 T device_register
c7e120f8 T devices_init
c7e121a4 T malloc_bin_reloc
c7e121dc T malloc_usable_size
c7e12220 T mallopt
c7e12298 T malloc_trim
c7e12364 T free
c7e12590 T cfree
c7e12594 T malloc
c7e12b74 T memalign
c7e12c84 T pvalloc
c7e12c9c T valloc
c7e12ca8 T calloc
c7e12d88 T realloc
c7e13204 T env_get_char_memory
c7e13224 T env_get_addr
c7e13244 t env_get_char_init
c7e13264 T env_crc_update
c7e13290 T env_relocate
c7e13324 T env_get_char_spec
c7e13330 T env_init
c7e1334c T env_relocate_spec
c7e13438 T saveenv
c7e13464 t dummy
c7e13468 T get_version
c7e13470 T jumptable_init
c7e13528 T flash_protect
c7e13624 T addr2info
c7e1362c T flash_write
c7e1363c T flash_perror
c7e1371c t b_reset
c7e13738 T simple_itoa
c7e1378c t static_get
c7e137a8 t static_peek
c7e137b4 t file_peek
c7e137c0 t setup_string_in_str
c7e137ec t indenter
c7e137fc t is_assignment
c7e13858 T mapset
c7e13884 T u_boot_hush_start
c7e1390c t file_get
c7e13adc t syntax_err
c7e13ae8 t xmalloc
c7e13b08 T new_pipe
c7e13b30 t free_pipe_list
c7e13c1c t b_free
c7e13c40 t xrealloc
c7e13c60 t done_command
c7e13ce8 t initialize_context
c7e13d20 t done_pipe
c7e13d70 t b_addchr
c7e13dec t b_addqchr
c7e13e38 T reserved_word
c7e13f70 t done_word
c7e140f4 t insert_var_value
c7e142a4 t set_local_var
c7e14454 T update_ifs_map
c7e144c4 t parse_stream_outer
c7e14aa4 T parse_file_outer
c7e14ae8 T parse_string_outer
c7e14bb0 t run_list_real
c7e1535c T GetHandleSize
c7e15364 T ListSetAllocationPolicy
c7e15378 T ListGetPtrToItem
c7e153b0 T ListGetDataPtr
c7e153bc T ListGetItemSize
c7e153c8 T ListNumItems
c7e153d4 T ListGetItems
c7e1541c T SetHandleSize
c7e15498 T ListInsertItems
c7e15668 T ListInsertItem
c7e15670 T DisposeHandle
c7e15690 T ListDispose
c7e15694 T NewHandle
c7e156f0 T ListCreate
c7e15750 t hex1_bin
c7e15788 t hex2_bin
c7e157bc T srec_decode
c7e15a2c T usb_disable_asynch
c7e15a44 T usb_maxpacket
c7e15a68 T usb_set_maxpacket
c7e15b74 T usb_get_dev_index
c7e15ba4 T usb_hub_reset
c7e15bb8 T usb_hub_allocate
c7e15c00 T usb_alloc_new_device
c7e15c9c T usb_parse_config
c7e15e30 T usb_submit_int_msg
c7e15e34 T usb_stop
c7e15e64 T wait_ms
c7e15e88 T usb_bulk_msg
c7e15eec T usb_control_msg
c7e15fec T usb_get_port_status
c7e1604c T usb_get_hub_status
c7e160a0 T usb_set_port_feature
c7e16100 T usb_clear_port_feature
c7e16160 T usb_clear_hub_feature
c7e161b4 T usb_get_hub_descriptor
c7e16210 T usb_get_string
c7e1629c t usb_string_sub
c7e163a0 T usb_string
c7e164a0 T usb_get_class_descriptor
c7e16510 T usb_get_report
c7e16580 T usb_set_idle
c7e165e4 T usb_set_protocol
c7e16644 T usb_set_configuration
c7e166ac T usb_set_interface
c7e16778 T usb_set_address
c7e167bc T usb_get_descriptor
c7e16828 T usb_get_configuration_no
c7e168d0 T usb_clear_halt
c7e16984 t usb_hub_power_on
c7e169c8 T usb_hub_port_connect_change
c7e16b24 T usb_hub_configure
c7e16d64 T usb_hub_probe
c7e16dc4 T usb_new_device
c7e17054 T usb_scan_devices
c7e170b8 T usb_init
c7e17134 T parse_num
c7e1725c T xyzModem_error
c7e172f8 T xyzModem_stream_close
c7e17344 T CYGACC_COMM_IF_PUTC
c7e1734c T CYGACC_COMM_IF_GETC_TIMEOUT
c7e173a0 t xyzModem_flush
c7e173c8 T xyzModem_stream_terminate
c7e1749c t xyzModem_get_hdr
c7e17720 T xyzModem_stream_read
c7e179ac T xyzModem_stream_open
c7e17b0c T do_usbd_dnw
c7e17c20 T do_movi
c7e17fd4 T cyg_crc16
c7e1801c T crc32
c7e18130 T crc32_no_comp
c7e1823c T print_size
c7e182dc T display_options
c7e182fc T strcpy
c7e18318 T strncpy
c7e18340 T strcat
c7e18374 T strncat
c7e183d8 T strcmp
c7e18410 T strncmp
c7e18460 T strchr
c7e1848c T strlen
c7e184ac T strrchr
c7e184e4 T strnlen
c7e1850c T strspn
c7e18550 T strpbrk
c7e18590 T strtok
c7e18610 T strsep
c7e18644 T strswab
c7e18690 T memset
c7e186b0 T bcopy
c7e186dc T memcpy
c7e18700 T memmove
c7e1875c T memcmp
c7e1879c T memscan
c7e187cc T strstr
c7e18830 T memchr
c7e18860 T strdup
c7e18894 T simple_strtoul
c7e1894c T simple_strtol
c7e18974 t skip_atoi
c7e189ac t number
c7e18c18 T panic
c7e18c68 T vsprintf
c7e1906c T sprintf
c7e19094 t falloc
c7e190b8 t ffree
c7e190bc t inflate_trees_free
c7e190f0 t huft_build
c7e196b8 t inflate_trees_fixed
c7e198b4 t inflate_codes_new
c7e19904 t inflate_codes_free
c7e19924 t inflate_blocks_reset
c7e199ec T inflateEnd
c7e19a84 T inflateReset
c7e19ae4 T inflateSync
c7e19be4 T inflateInit2
c7e19d28 T inflateInit
c7e19d30 T adler32
c7e19ea8 T inflateIncomp
c7e19fd4 t inflate_flush
c7e1a148 T inflate
c7e1be28 T board_init
c7e1be74 T dram_init
c7e1be94 T virt_to_phy_smdk6410
c7e1bec4 T checkboard
c7e1bedc T board_late_init
c7e1bf84 t write_hword
c7e1c07c T write_buff
c7e1c1f0 T flash_print_info
c7e1c304 T flash_erase
c7e1c508 T flash_init
c7e1c554 t td_alloc
c7e1c594 t urb_free_priv
c7e1c5cc T rh_check_port_status
c7e1c5d4 T submit_common_msg
c7e1c5dc T submit_bulk_msg
c7e1c5e4 T submit_control_msg
c7e1c5ec T submit_int_msg
c7e1c5f4 T usb_lowlevel_init
c7e1c5fc T usb_lowlevel_stop
c7e1c604 t td_fill
c7e1c6b8 T sohci_submit_job
c7e1cc44 t s3c_nand_hwcontrol
c7e1ccbc t s3c_nand_device_ready
c7e1ccd8 T board_nand_init
c7e1cd54 t s3c_nand_scan_bbt
c7e1cd58 T s3c_usb_core_soft_reset
c7e1cd78 T s3c_usb_init_core
c7e1cd94 T s3c_usb_check_current_mode
c7e1cda8 T s3c_usb_set_soft_disconnect
c7e1cdbc T s3c_usb_clear_soft_disconnect
c7e1cdd0 T s3c_usb_init_device
c7e1ce10 T s3c_usbc_activate
c7e1ce18 T s3c_usb_stop
c7e1ce20 T s3c_usb_set_inep_xfersize
c7e1ce4c T s3c_usb_set_outep_xfersize
c7e1ce7c T s3c_usb_write_ep0_fifo
c7e1ced4 T s3c_usb_write_in_fifo
c7e1cf2c T s3c_usb_read_out_fifo
c7e1cf80 T s3c_usb_get_desc
c7e1d150 T s3c_usb_clear_feature
c7e1d1cc T s3c_usb_set_feature
c7e1d32c T s3c_usb_get_status
c7e1d3d4 T s3c_usb_ep0_int_hndlr
c7e1d5ec T s3c_usb_set_otherspeed_conf_desc
c7e1d70c T s3c_usb_transfer_ep0
c7e1e3d0 T s3c_usb_int_bulkin
c7e1e59c T s3c_usb_upload_start
c7e1e7c8 T s3c_usb_download_start
c7e1e9d4 T s3c_usb_dma_in_done
c7e1eae4 T s3c_usb_set_all_outep_nak
c7e1eb0c T s3c_usb_clear_all_outep_nak
c7e1eb34 T s3c_usb_set_max_pktsize
c7e1ebe4 T s3c_usb_set_endpoint
c7e1ec38 T s3c_usb_set_descriptors
c7e1edd4 T s3c_usb_check_speed
c7e1edec T s3c_usb_clear_dnfile_info
c7e1ee2c T s3c_usb_clear_upfile_info
c7e1ee6c T s3c_usb_check_setconf
c7e1ee9c T s3c_usb_set_opmode
c7e1ef6c T s3c_usb_reset
c7e1efd4 T s3c_usb_set_init
c7e1f030 T s3c_usb_verify_checksum
c7e1f0f8 T s3c_usb_download_continue
c7e1f264 T s3c_usb_int_bulkout
c7e1f2b4 T s3c_usb_pkt_receive
c7e1f334 T s3c_usb_print_pkt
c7e1f380 T s3c_usb_dma_out_done
c7e1f49c T s3c_usb_transfer
c7e1f5c0 T s3c_udc_int_hndlr
c7e1f65c T s3c_usb_wait_cable_insert
c7e1f6a8 T s3c_usb_init_phy
c7e1f6e0 T s3c_usbctl_init
c7e1f7a4 t __fswab32
c7e1f7c4 T do_bootm_linux
c7e1fbb4 T flush_cache
c7e1fbb8 T GregorianDay
c7e1fcac T to_tm
c7e1fdbc T mktime
c7e1fe50 t SetRTC_Access
c7e1fe8c t bcd2bin
c7e1fea0 t bin2bcd
c7e1fed4 T rtc_get
c7e1ffd8 T rtc_set
c7e20078 T rtc_reset
c7e200a0 t nand_block_bad_scrub
c7e200a8 T nand_lock
c7e200fc T nand_unlock
c7e2020c T nand_get_lock_status
c7e20298 T nand_read_opts
c7e2062c T nand_write_opts
c7e20b38 T nand_erase_opts
c7e20ea4 T __div64_32
c7e20f98 T __aeabi_uidiv
c7e20f98 T __udivsi3
c7e20f98 t .udivsi3_nodiv0
c7e21184 T __aeabi_uidivmod
c7e211a4 T __aeabi_idiv
c7e211a4 T __divsi3
c7e211ac t .divsi3_nodiv0
c7e213c4 T __aeabi_idivmod
c7e213e4 T __aeabi_lasr
c7e213e4 T __ashrdi3
c7e21400 T __aeabi_llsl
c7e21400 T __ashldi3
c7e2141c W __aeabi_idiv0
c7e2166c r C.8.2231
c7e216ec R version_string
c7e21726 r default_nand_name
c7e2172b r __FUNCTION__.4016
c7e2173a r __FUNCTION__.2571
c7e2174b r __FUNCTION__.3560
c7e21759 r __FUNCTION__.3075
c7e2176b r C.19.2729
c7e2176d r nand_ecc_precalc_table
c7e21870 r baudrate_table
c7e21884 r crc16_tab
c7e21a84 r crc_table
c7e21e84 r border
c7e21ed0 r inflate_mask
c7e21f14 R config_full
c7e21f1d R config_full_total
c7e21f3d R config_high
c7e21f46 R config_high_total
c7e21f66 R qualifier_desc
c7e21f70 R string_desc0
c7e21f74 R string_desc1
c7e21f8a R string_desc2
c7e21fb8 r C.7.1894
c7e27ec4 D init_sequence
c7e27ef8 D NetOurVLAN
c7e27efa D NetBcastAddr
c7e27f00 D NetOurNativeVLAN
c7e27f04 d nfs_offset
c7e27f08 D nand_curr_device
c7e27f0c d nand_oob_8
c7e2805c d nand_oob_16
c7e281ac d nand_oob_64
c7e282fc D nand_flash_ids
c7e28884 D nand_manuf_ids
c7e288c4 d bbt_main_descr
c7e288e8 d bbt_mirror_descr
c7e2890c d agand_flashbased
c7e28930 d smallpage_flashbased
c7e28954 d largepage_flashbased
c7e28978 d smallpage_memorybased
c7e2899c d largepage_memorybased
c7e289c0 d bbt_pattern
c7e289c4 d mirror_pattern
c7e289c8 d scan_agand_pattern
c7e289ce d scan_ff_pattern
c7e289d0 d hist_cur
c7e289d4 D load_addr
c7e289d8 D weekdays
c7e289f4 D op_table
c7e28a5c d do_echo
c7e28a60 D dp_last_length
c7e28a64 D stdio_names
c7e28a70 d av_
c7e28e78 d trim_threshold
c7e28e7c d mmap_threshold
c7e28e80 d sbrk_base
c7e28e84 D default_environment
c7e28fbc D env_get_char
c7e28fc0 D default_environment_size
c7e28fc4 D env_name_spec
c7e28fc8 d blanks.2356
c7e28ff0 d reserved_list
c7e29074 D _ctype
c7e29174 d fixed_left
c7e29178 d cplens
c7e291f4 d cplext
c7e29270 d cpdist
c7e292e8 d cpdext
c7e29360 D zlib_version
c7e29364 D z_errmsg
c7e29384 D test_pkt
c7e293bc d month_days
c7e293ec d autoplace_oobinfo
c7e2953c d jffs2_oobinfo
c7e2968c d yaffs_oobinfo
c7e297dc A __u_boot_cmd_start
c7e297dc D __u_boot_cmd_bdinfo
c7e297f4 D __u_boot_cmd_go
c7e2980c D __u_boot_cmd_reset
c7e29824 D __u_boot_cmd_bootm
c7e2983c D __u_boot_cmd_imls
c7e29854 D __u_boot_cmd_icache
c7e2986c D __u_boot_cmd_dcache
c7e29884 D __u_boot_cmd_branch
c7e2989c D __u_boot_cmd_date
c7e298b4 D __u_boot_cmd_bootelf
c7e298cc D __u_boot_cmd_bootvx
c7e298e4 D __u_boot_cmd_flinfo
c7e298fc D __u_boot_cmd_erase
c7e29914 D __u_boot_cmd_protect
c7e2992c D __u_boot_cmd_itest
c7e29944 D __u_boot_cmd_loads
c7e2995c D __u_boot_cmd_loadb
c7e29974 D __u_boot_cmd_loady
c7e2998c D __u_boot_cmd_md
c7e299a4 D __u_boot_cmd_mm
c7e299bc D __u_boot_cmd_nm
c7e299d4 D __u_boot_cmd_mw
c7e299ec D __u_boot_cmd_cp
c7e29a04 D __u_boot_cmd_cmp
c7e29a1c D __u_boot_cmd_crc32
c7e29a34 D __u_boot_cmd_base
c7e29a4c D __u_boot_cmd_loop
c7e29a64 D __u_boot_cmd_mtest
c7e29a7c D __u_boot_cmd_sleep
c7e29a94 D __u_boot_cmd_nand
c7e29aac D __u_boot_cmd_nboot
c7e29ac4 D __u_boot_cmd_bootp
c7e29adc D __u_boot_cmd_tftpboot
c7e29af4 D __u_boot_cmd_rarpboot
c7e29b0c D __u_boot_cmd_nfs
c7e29b24 D __u_boot_cmd_ping
c7e29b3c D __u_boot_cmd_printenv
c7e29b54 D __u_boot_cmd_setenv
c7e29b6c D __u_boot_cmd_saveenv
c7e29b84 D __u_boot_cmd_usb
c7e29b9c D __u_boot_cmd_version
c7e29bb4 D __u_boot_cmd_echo
c7e29bcc D __u_boot_cmd_test
c7e29be4 D __u_boot_cmd_exit
c7e29bfc D __u_boot_cmd_help
c7e29c14 D __u_boot_cmd_question_mark
c7e29c2c D __u_boot_cmd_dnw
c7e29c44 D __u_boot_cmd_movi
c7e29c5c A __u_boot_cmd_end
c7e2c000 R mmu_table
c7e30000 A __bss_start
c7e30000 B movi_hc
c7e30004 b timestamp
c7e30008 b lastdec
c7e3000c B timer_load_val
c7e30010 b HS_DMA_END
c7e30014 b ocr_check
c7e30018 b rca
c7e3001c b rd_cnt_HSMMC
c7e30020 b BlockNum_HSMMC
c7e30024 b ReadBlockCnt_INT
c7e30028 b wt_cnt_HSMMC
c7e3002c b WriteBlockCnt_INT
c7e30030 b BufferBoundary_INT_Cnt
c7e30034 b CompareCnt_INT
c7e30038 b Compare_buffer_HSMMC
c7e3003c b HCLK
c7e30040 b mmc_card
c7e30044 b card_mid
c7e30048 b mmc_spec
c7e3004c b sd_spec
c7e30050 b Tx_buffer_HSMMC
c7e30054 b COMPARE_INT_DONE
c7e30058 b Rx_buffer_HSMMC
c7e3005c b mem_malloc_brk
c7e30060 b mem_malloc_start
c7e30064 b mem_malloc_end
c7e30068 B monitor_flash_len
c7e3006c B NetState
c7e30070 b packetHandler
c7e30074 B NetIPID
c7e30078 B NetOurIP
c7e3007c B NetOurEther
c7e30084 B NetPingIP
c7e30088 B NetTxPacket
c7e3008c B NetArpWaitPacketIP
c7e30090 B NetOurSubnetMask
c7e30094 B NetOurGatewayIP
c7e30098 B NetArpWaitReplyIP
c7e3009c B NetRxPkt
c7e300a0 B NetRxPktLen
c7e300a4 B NetArpWaitPacketMAC
c7e300a8 B NetArpWaitTxPacket
c7e300ac B NetArpWaitTxPacketSize
c7e300b0 B NetServerIP
c7e300b4 B NetServerEther
c7e300ba b mac.2519
c7e300c0 B NetEtherNullAddr
c7e300c6 b PingSeqNo
c7e300c8 B NetArpWaitTry
c7e300cc B NetArpWaitTimerStart
c7e300d0 b timeHandler
c7e300d4 b timeStart
c7e300d8 b timeDelta
c7e300dc B PktBuf
c7e31efc B NetRxPackets
c7e31f0c B NetArpWaitPacketBuf
c7e3252c B NetBootFileXferSize
c7e32530 B NetOurDNSIP
c7e32534 B NetOurNISDomain
c7e32554 B NetOurHostName
c7e32574 B NetOurRootPath
c7e325b4 B NetBootFileSize
c7e325b6 B BootFile
c7e32638 b TftpState
c7e3263c b tftp_filename
c7e32640 b TftpBlock
c7e32644 b TftpServerPort
c7e32648 b TftpOurPort
c7e3264c b default_filename
c7e3265c b TftpTimeoutCount
c7e32660 b TftpBlockWrap
c7e32664 b TftpBlockWrapOffset
c7e32668 b TftpLastBlock
c7e3266c B BootpTry
c7e32670 B BootpID
c7e32674 B RarpTry
c7e32678 b rpc_id
c7e3267c b NfsSrvMountPort
c7e32680 b NfsSrvNfsPort
c7e32684 b fs_mounted
c7e32688 b dirfh
c7e326a8 b filefh
c7e326c8 b NfsServerIP
c7e326cc b NfsOurPort
c7e326d0 b NfsState
c7e326d4 b nfs_path
c7e326d8 b nfs_filename
c7e326dc b nfs_len
c7e326e0 b NfsDownloadState
c7e326e4 b nfs_path_buff
c7e32ee4 b default_filename
c7e32f24 b NfsTimeoutCount
c7e32f28 B dmfe_info
c7e32fc8 b nfloor
c7e32fcc B nand_info
c7e33080 b nand_chip
c7e33184 b initted.2111
c7e33188 b hist_max
c7e3318c b hist_add_idx
c7e33190 B hist_num
c7e33194 B hist_lines
c7e34594 B hist_list
c7e345e4 B console_buffer
c7e346e4 B header
c7e34724 b os_data_state
c7e34728 B os_data_count
c7e3472c b os_data_addr
c7e34730 b bin_start_address
c7e34734 b k_data_escape
c7e34738 B os_data_init
c7e3473c b k_data_escape_saved
c7e34740 b os_data_state_saved
c7e34744 b os_data_count_saved
c7e34748 b os_data_addr_saved
c7e3474c B os_data_char
c7e34750 B his_quote
c7e34754 B his_pad_count
c7e34758 B his_pad_char
c7e34759 B his_eol
c7e3475c B send_ptr
c7e34760 B send_parms
c7e34774 b a_b
c7e3478c B os_data_header
c7e347ac b base_address
c7e347b0 B mm_last_addr
c7e347b4 B mm_last_size
c7e347b8 B dp_last_addr
c7e347bc B dp_last_size
c7e347c0 b ctrlc_disabled
c7e347c4 b ctrlc_was_pressed
c7e347c8 B devlist
c7e347cc B stdio_devices
c7e347d8 b top_pad
c7e347dc b n_mmaps_max
c7e347e0 b current_mallinfo
c7e34808 b max_sbrked_mem
c7e3480c b max_total_mem
c7e34810 B env_ptr
c7e34814 b local.2147
c7e3482a b map
c7e3492c b top_vars
c7e34930 b flag_repeat
c7e34934 b do_repeat
c7e34938 b the_command.2174
c7e34a38 b buf.2614
c7e34a60 B last_return_code
c7e34a64 b ifs
c7e34a68 B nesting_level
c7e34a6c b asynch_allowed
c7e34a70 b usb_dev
c7e412f0 b usb_hub_index
c7e412f4 b hub_dev
c7e413f4 b dev_index
c7e413f8 B usb_started
c7e413f9 b setup_packet
c7e41404 b running
c7e41408 b xyz
c7e41844 B ofsinfo
c7e4185c B ___strtok
c7e41860 b fixed_mem
c7e428f0 b fixed_lock
c7e428f4 b fixed_built
c7e428f8 b fixed_bl
c7e428fc b fixed_tl
c7e42900 b fixed_bd
c7e42904 b fixed_td
c7e42908 B flash_info
c7e42a00 B ptd
c7e42a04 b gohci
c7e42ad0 B ohci_dev
c7e42c60 B urb_priv
c7e42d40 B gtd
c7e43e00 B ghcca
c7e43f00 B phcca
c7e43f04 B got_rhsc
c7e43f08 B devgone
c7e44000 B boot_nand
c7e44004 B cur_ecc_mode
c7e44008 B nand_type
c7e4400c B otg
c7e44090 B remode_wakeup
c7e44094 B get_status
c7e4409a B config_value
c7e4409c B get_intf
c7e440a0 B s3c_usbd_dn_addr
c7e440a4 B op_mode
c7e440a8 B s3c_receive_done
c7e440ac B speed
c7e440b0 B s3c_got_header
c7e440b4 B DNW
c7e440b8 b params
c7e440bc b data_buf
c7e448bc b oob_buf
c7e448fc b none_oobinfo
c7e44a4c A _end
